// Jest Snapshot v1, https://goo.gl/fbAQLP

exports[`matches snapshot 1`] = `
<DocumentFragment>
  <div
    style="height: 10em; width: 10em; background-color: black;"
  >
    <button>
      X
    </button>
  </div>
</DocumentFragment>
`;
